{
	"id": "SomeType:T1234",
	"type": "au.org.aekos.kryo.processor.SomeType",
	"data": {
		"parent":"<OTHER:T222>"
	}
}
