{
	"id": "SomeType:T1234",
	"type": "au.org.aekos.kryo.processor.SomeType",
	"data": {
		"the_identifier":"identifier=SomeIdentifier:-304036499"
	}
}
