{
	"id": "au.org.aekos.kryo.processor.SomeType:T1234",
	"type": "au.org.aekos.kryo.processor.SomeType",
	"data": {
		"names":["name1","name2","name3"]
	}
}
